# packages.lst - categorized package list for Void Linux
#
# Usage: install.sh reads groups from here
# Lines starting with # are comments.
# Lines beginning with @ are group headers.
# Packages can be shared across groups.

@core
pam_rundir
mesa-dri
mesa-vaapi
dbus
elogind
polkit
wayland
wayland-protocols
wayland-utils
pkg-config
brightnessctl
libnotify
xdg-utils
zip
unzip
unrar

@repos
void-repo-nonfree
void-repo-multilib
void-repo-multilib-nonfree

@network
NetworkManager
tailscale
wireguard-tools

@audio
pipewire
wireplumber
alsa-pipewire
libspa-bluetooth
pavucontrol

@desktop
niri
fuzzel
fnott
Waybar
kitty
foot
zathura
tmux
fish-shell
starship
nwg-look
wlr-randr
swaylock
wl-clipboard
wtype
swaybg
xdg-desktop-portal
xdg-desktop-portal-gtk
xwayland-satellite
grim
slurp
hyprpicker

@tools
btop
fastfetch
cava
yazi
zoxide
ripgrep
fd
fzf
jq
bat
eza
playerctl
ffmpeg
gparted
mesa-demos

@app
telegram-desktop
element-desktop
obs
mpv
firefox
lutris
steam

@dev
neovim
emacs-pgtk
openjdk21
libgcc
gcc
zig
go
make
cmake
python3
python3-pip
typst
podman
podman-compose
